// Jest Snapshot v1, https://goo.gl/fbAQLP

exports[`Occurrences Resolver Correctly Resolves Occurrences Query 1`] = `
Object {
  "data": Object {
    "occurrences": Array [
      Object {
        "context": Object {
          "accountId": "id-mycluster-account",
          "region": "location",
          "resourceCrn": null,
          "resourceId": "pluginId",
          "resourceName": "www.myapp.com",
          "resourceType": "worker",
          "serviceCrn": null,
          "serviceName": "application",
        },
        "createTime": "2019-07-10T14:07:46.596357Z",
        "finding": Object {
          "certainty": "HIGH",
          "dataTransferred": null,
          "networkConnection": null,
          "nextSteps": Array [
            Object {
              "title": "title here",
              "url": "Details URL",
            },
          ],
          "severity": "HIGH",
        },
        "name": "id-mycluster-account/providers/securityAdvisorNewProviderId/occurrences/securityAdvisorOccurrenceId",
        "noteName": "id-mycluster-account/providers/securityAdvisorNewProviderId/notes/securityAdvisorNoteID",
        "reportedBy": Object {
          "id": "securityAdvisorNewProviderId",
          "title": "Title for Note",
          "url": null,
        },
        "securityClassification": Object {
          "securityCategories": Array [
            "System and communications protections",
          ],
        },
        "shortDescription": "Registered services1",
        "updateTime": "2019-07-10T14:07:46.596382Z",
      },
    ],
  },
}
`;
